// Jest Snapshot v1, https://goo.gl/fbAQLP

exports[`Backdrop matches the snapshot 1`] = `null`;
