// Jest Snapshot v1, https://goo.gl/fbAQLP

exports[`Button matches the snapshot 1`] = `
<button
  className="css-1t1xyh2"
>
  Button
</button>
`;
